// Jest Snapshot v1, https://goo.gl/fbAQLP

exports[`Button renders Chinese characters correctly 1`] = `<button type="button" class="nebula-btn nebula-btn-two-chinese-chars"><span>按 钮</span></button>`;

exports[`Button renders Chinese characters correctly 2`] = `<button type="button" class="nebula-btn"><span>search按钮</span></button>`;

exports[`Button renders Chinese characters correctly 3`] = `<button type="button" class="nebula-btn"><span><span class="nebula-icon nebula-icon-search"></span>按钮</span></button>`;

exports[`Button renders Chinese characters correctly 4`] = `<button type="button" class="nebula-btn nebula-btn-loading"><span class="nebula-icon nebula-icon-loading nebula-icon-spin"></span><span><span class="nebula-icon nebula-icon-search"></span>按钮</span></button>`;

exports[`Button renders Chinese characters correctly 5`] = `<button type="button" class="nebula-btn nebula-btn-loading"><span class="nebula-icon nebula-icon-loading nebula-icon-spin"></span><span>按钮</span></button>`;

exports[`Button renders correctly 1`] = `<button type="button" class="nebula-btn"><span>Follow</span></button>`;

exports[`Button should support link button 1`] = `<a target="_blank" href="http://nebula.em2046.com/" type="button" class="nebula-btn"><span>Link button</span></a>`;
